app/dashboard/admin/page.tsx(20,3): error TS6133: 'Search' is declared but its value is never read.
app/dashboard/owner/page.tsx(13,3): error TS6133: 'Eye' is declared but its value is never read.
app/dashboard/owner/page.tsx(17,3): error TS6133: 'CheckCircle' is declared but its value is never read.
app/dashboard/owner/page.tsx(18,3): error TS6133: 'Clock' is declared but its value is never read.
app/dashboard/owner/page.tsx(19,3): error TS6133: 'XCircle' is declared but its value is never read.
app/dashboard/owner/page.tsx(29,10): error TS6133: 'selectedProperty' is declared but its value is never read.
app/dashboard/owner/page.tsx(29,28): error TS6133: 'setSelectedProperty' is declared but its value is never read.
app/dashboard/owner/page.tsx(30,10): error TS6133: 'showEditModal' is declared but its value is never read.
app/dashboard/owner/page.tsx(30,25): error TS6133: 'setShowEditModal' is declared but its value is never read.
app/dashboard/tenant/page.tsx(12,3): error TS6133: 'Settings' is declared but its value is never read.
app/dashboard/tenant/page.tsx(18,3): error TS6133: 'CheckCircle' is declared but its value is never read.
app/dashboard/tenant/page.tsx(19,3): error TS6133: 'Clock' is declared but its value is never read.
app/dashboard/tenant/page.tsx(20,3): error TS6133: 'XCircle' is declared but its value is never read.
app/dashboard/tenant/page.tsx(21,3): error TS6133: 'Edit' is declared but its value is never read.
app/dashboard/tenant/page.tsx(31,10): error TS6133: 'showProfileEdit' is declared but its value is never read.
app/dashboard/tenant/page.tsx(31,27): error TS6133: 'setShowProfileEdit' is declared but its value is never read.
app/dashboard/tenant/page.tsx(32,10): error TS6133: 'showPasswordChange' is declared but its value is never read.
app/dashboard/tenant/page.tsx(32,30): error TS6133: 'setShowPasswordChange' is declared but its value is never read.
app/post-property/page.tsx(95,10): error TS6133: 'uploadedImages' is declared but its value is never read.
app/post-property/page.tsx(653,9): error TS6133: 'currencyName' is declared but its value is never read.
app/post-property/page.tsx(823,9): error TS6133: 'handleImageUpload' is declared but its value is never read.
app/post-property/page.tsx(833,9): error TS6133: 'removeImage' is declared but its value is never read.
app/privacy/page.tsx(329,37): error TS6133: 'index' is declared but its value is never read.
app/property/[id]/page.tsx(8,52): error TS6133: 'Home' is declared but its value is never read.
app/property/[id]/page.tsx(8,58): error TS6133: 'Maximize' is declared but its value is never read.
app/property/[id]/page.tsx(8,68): error TS6133: 'Calendar' is declared but its value is never read.
app/property/[id]/page.tsx(8,78): error TS6133: 'Phone' is declared but its value is never read.
app/property/[id]/page.tsx(8,102): error TS6133: 'Send' is declared but its value is never read.
app/property/[id]/page.tsx(686,10): error TS6133: 'formSubmitted' is declared but its value is never read.
app/property/[id]/page.tsx(686,25): error TS6133: 'setFormSubmitted' is declared but its value is never read.
app/terms/page.tsx(441,37): error TS6133: 'index' is declared but its value is never read.
components/PropertyCard.tsx(41,11): error TS6133: 'language' is declared but its value is never read.
